// Jest Snapshot v1, https://goo.gl/fbAQLP

exports[`App: Components: Todo Layout matches snapshot 1`] = `[Function]`;
